// Jest Snapshot v1, https://goo.gl/fbAQLP

exports[`adminService getReportCounts should snapshot ReportCounts shape 1`] = `
{
  "pending": 50,
  "resolved": 20,
  "review": 30,
  "total": 100,
}
`;

exports[`adminService interface snapshots should snapshot AppAnalytics interface 1`] = `
{
  "dealsThisWeek": 30,
  "mostActiveUsers": [
    {
      "deal_count": 25,
      "display_name": "Active User 1",
      "user_id": "user-1",
    },
    {
      "deal_count": 20,
      "display_name": "Active User 2",
      "user_id": "user-2",
    },
  ],
  "mostPopularDeals": [
    {
      "deal_instance_id": "deal-1",
      "interaction_count": 100,
      "title": "Popular Deal 1",
    },
    {
      "deal_instance_id": "deal-2",
      "interaction_count": 80,
      "title": "Popular Deal 2",
    },
  ],
  "pendingReports": 10,
  "recentSignups": 50,
  "totalDeals": 500,
  "totalReports": 50,
  "totalUsers": 1000,
}
`;

exports[`adminService interface snapshots should snapshot Deal interface 1`] = `
{
  "category_name": "Happy Hour",
  "created_at": "2026-02-01T00:00:00Z",
  "cuisine_name": "Italian",
  "deal_instance_id": "deal-instance-001",
  "deal_template_id": "deal-template-001",
  "description": "Get 50% off!",
  "expiration_date": "2026-03-01T00:00:00Z",
  "image_url": "https://example.com/deal.jpg",
  "restaurant_address": "456 Main St",
  "restaurant_name": "Great Restaurant",
  "title": "Amazing Deal",
  "uploader_user_id": "user-001",
}
`;

exports[`adminService interface snapshots should snapshot Report interface 1`] = `
{
  "created_at": "2026-02-10T10:00:00Z",
  "deal": {
    "description": "Deal description",
    "image_url": "https://example.com/image.jpg",
    "restaurant_address": "123 Test St",
    "restaurant_name": "Test Restaurant",
    "title": "Test Deal",
  },
  "deal_id": "deal-001",
  "reason_code": {
    "description": "Spam or misleading content",
    "reason_code": "SPAM",
  },
  "reason_code_id": "reason-001",
  "reason_text": "Additional details",
  "report_id": "report-001",
  "reporter": {
    "display_name": "Reporter Name",
    "profile_photo": "https://example.com/reporter.jpg",
  },
  "reporter_user_id": "user-reporter",
  "resolution_action": null,
  "resolved_by": null,
  "status": "pending",
  "updated_at": "2026-02-10T10:00:00Z",
  "uploader": {
    "display_name": "Uploader Name",
    "profile_photo": null,
  },
  "uploader_user_id": "user-uploader",
}
`;

exports[`adminService interface snapshots should snapshot UserProfile interface 1`] = `
{
  "ban_reason": null,
  "created_at": "2026-01-01T00:00:00Z",
  "display_name": "Test User",
  "email": "test@example.com",
  "is_admin": false,
  "is_banned": false,
  "is_suspended": false,
  "location_city": "San Francisco",
  "profile_photo": "https://example.com/photo.jpg",
  "suspended_reason": null,
  "suspension_until": null,
  "user_id": "user-001",
  "warning_count": 0,
}
`;
