// Jest Snapshot v1, https://goo.gl/fbAQLP

exports[`dealService DatabaseDeal interface should snapshot the full input structure 1`] = `
{
  "category_name": "Fine Dining",
  "created_at": "2026-02-10T08:00:00Z",
  "cuisine_id": "french-cuisine-id",
  "cuisine_name": "French",
  "deal_id": "deal-full-123",
  "deal_images": [
    {
      "display_order": 0,
      "image_metadata_id": "img-meta-1",
      "is_thumbnail": true,
      "variants": {
        "large": "img1-large.jpg",
        "medium": "img1-medium.jpg",
        "original": "img1-original.jpg",
        "small": "img1-small.jpg",
        "thumbnail": "img1-thumb.jpg",
      },
    },
    {
      "display_order": 1,
      "image_metadata_id": "img-meta-2",
      "is_thumbnail": false,
      "variants": {
        "large": "img2-large.jpg",
      },
    },
  ],
  "description": "Full description text",
  "distance_miles": 1.234,
  "end_date": "2026-02-28T23:59:59Z",
  "image_metadata": {
    "image_type": "deal_image",
    "variants": {
      "large": "large.jpg",
      "medium": "medium.jpg",
      "original": "original.jpg",
      "small": "small.jpg",
      "thumbnail": "thumb.jpg",
    },
  },
  "image_url": "legacy-url.jpg",
  "is_anonymous": false,
  "is_downvoted": false,
  "is_favorited": true,
  "is_upvoted": true,
  "restaurant_address": "999 Full St, City, ST 12345",
  "restaurant_id": "restaurant-full-123",
  "restaurant_name": "Complete Restaurant",
  "start_date": "2026-02-01T00:00:00Z",
  "template_id": "template-full-123",
  "title": "Complete Deal",
  "user_city": "Los Angeles",
  "user_display_name": "Full Test User",
  "user_id": "user-full-123",
  "user_profile_metadata": {
    "variants": {
      "small": "profile-small.jpg",
      "thumbnail": "profile-thumb.jpg",
    },
  },
  "user_profile_photo": "legacy-profile.jpg",
  "user_state": "CA",
  "votes": 100,
}
`;

exports[`dealService mutation payload shapes CreateDealData interface should snapshot create payload shape 1`] = `
{
  "categoryId": "category-xyz",
  "cuisineId": "cuisine-123",
  "description": "Test Description",
  "expirationDate": "2026-04-01T00:00:00Z",
  "imageUris": [
    "file://test.jpg",
  ],
  "isAnonymous": false,
  "restaurantId": "restaurant-abc",
  "thumbnailIndex": 0,
  "title": "Snapshot Test Deal",
}
`;

exports[`dealService mutation payload shapes DealEditData interface should snapshot edit data shape 1`] = `
{
  "categoryId": null,
  "cuisineId": "italian",
  "dealId": "deal-001",
  "description": null,
  "expirationDate": null,
  "images": [
    {
      "displayOrder": 0,
      "imageMetadataId": "meta-1",
      "isThumbnail": true,
      "url": "https://example.com/img.jpg",
    },
  ],
  "isAnonymous": true,
  "restaurantAddress": "456 Oak Ave",
  "restaurantId": "rest-001",
  "restaurantName": "Sample Restaurant",
  "templateId": "tmpl-001",
  "title": "Edit Test",
}
`;

exports[`dealService mutation payload shapes UpdateDealData interface should snapshot full update payload 1`] = `
{
  "description": "Updated Description",
  "expirationDate": "2026-06-01T00:00:00Z",
  "isAnonymous": false,
  "title": "Updated Title",
}
`;

exports[`dealService transformDealForUI output shape should snapshot the full output shape 1`] = `
{
  "author": "Test Author",
  "cuisine": "Italian",
  "cuisineId": "cuisine-1",
  "details": "Test description",
  "expirationDate": "2026-03-01T00:00:00Z",
  "id": "deal-123",
  "image": {
    "testUri": "../../../img/default-rest.png",
  },
  "imageVariants": undefined,
  "images": undefined,
  "isAnonymous": false,
  "isDownvoted": false,
  "isFavorited": true,
  "isUpvoted": true,
  "milesAway": "2.5mi",
  "restaurant": "Test Restaurant",
  "restaurantAddress": "123 Test St",
  "timeAgo": "1h ago",
  "title": "Test Deal Title",
  "userCity": "Default City",
  "userDisplayName": "Test Author",
  "userId": "user-123",
  "userProfilePhoto": undefined,
  "userState": "CA",
  "votes": 42,
}
`;
