// Jest Snapshot v1, https://goo.gl/fbAQLP

exports[`BottomNavigation Snapshots should match snapshot with default props 1`] = `
<View
  style={
    [
      {
        "alignItems": "center",
        "backgroundColor": "#FFFFFF",
        "bottom": 0,
        "flexDirection": "row",
        "justifyContent": "space-around",
        "left": 0,
        "position": "absolute",
        "right": 0,
      },
      {
        "borderTopColor": "#bcbcbc",
        "borderTopWidth": 0.5,
        "paddingBottom": 61.06870229007634,
        "paddingHorizontal": 15.267175572519085,
        "paddingTop": 7.633587786259542,
      },
    ]
  }
>
  <View
    accessibilityState={
      {
        "busy": undefined,
        "checked": undefined,
        "disabled": undefined,
        "expanded": undefined,
        "selected": undefined,
      }
    }
    accessibilityValue={
      {
        "max": undefined,
        "min": undefined,
        "now": undefined,
        "text": undefined,
      }
    }
    accessible={true}
    collapsable={false}
    focusable={true}
    onClick={[Function]}
    onResponderGrant={[Function]}
    onResponderMove={[Function]}
    onResponderRelease={[Function]}
    onResponderTerminate={[Function]}
    onResponderTerminationRequest={[Function]}
    onStartShouldSetResponder={[Function]}
    style={
      {
        "alignItems": "center",
        "flex": 1,
        "justifyContent": "flex-start",
        "minWidth": 124.04580152671757,
        "opacity": 1,
        "paddingHorizontal": 7.633587786259542,
      }
    }
  >
    <View
      style={
        [
          {
            "alignItems": "center",
            "height": 48,
            "justifyContent": "center",
            "width": 48,
          },
          undefined,
        ]
      }
    >
      <Text
        testID="icon-view-grid"
      >
        view-grid
      </Text>
    </View>
    <Text
      style={
        [
          {
            "color": "#616161",
            "fontSize": 12,
            "lineHeight": 18,
          },
          {
            "marginTop": 7.633587786259542,
            "textAlign": "center",
            "width": "100%",
          },
        ]
      }
    >
      Feed
    </Text>
  </View>
  <View
    accessibilityState={
      {
        "busy": undefined,
        "checked": undefined,
        "disabled": undefined,
        "expanded": undefined,
        "selected": undefined,
      }
    }
    accessibilityValue={
      {
        "max": undefined,
        "min": undefined,
        "now": undefined,
        "text": undefined,
      }
    }
    accessible={true}
    collapsable={false}
    focusable={true}
    onClick={[Function]}
    onResponderGrant={[Function]}
    onResponderMove={[Function]}
    onResponderRelease={[Function]}
    onResponderTerminate={[Function]}
    onResponderTerminationRequest={[Function]}
    onStartShouldSetResponder={[Function]}
    style={
      {
        "alignItems": "center",
        "flex": 1,
        "justifyContent": "flex-start",
        "minWidth": 124.04580152671757,
        "opacity": 1,
        "paddingHorizontal": 7.633587786259542,
      }
    }
  >
    <View
      style={
        [
          {
            "alignItems": "center",
            "height": 48,
            "justifyContent": "center",
            "width": 48,
          },
          undefined,
        ]
      }
    >
      <Text
        testID="icon-magnify"
      >
        magnify
      </Text>
    </View>
    <Text
      style={
        [
          {
            "color": "#616161",
            "fontSize": 12,
            "lineHeight": 18,
          },
          {
            "marginTop": 7.633587786259542,
            "textAlign": "center",
            "width": "100%",
          },
        ]
      }
    >
      Explore
    </Text>
  </View>
  <View
    accessibilityState={
      {
        "busy": undefined,
        "checked": undefined,
        "disabled": undefined,
        "expanded": undefined,
        "selected": undefined,
      }
    }
    accessibilityValue={
      {
        "max": undefined,
        "min": undefined,
        "now": undefined,
        "text": undefined,
      }
    }
    accessible={true}
    collapsable={false}
    focusable={true}
    onClick={[Function]}
    onResponderGrant={[Function]}
    onResponderMove={[Function]}
    onResponderRelease={[Function]}
    onResponderTerminate={[Function]}
    onResponderTerminationRequest={[Function]}
    onStartShouldSetResponder={[Function]}
    style={
      {
        "alignItems": "center",
        "flex": 1,
        "justifyContent": "flex-start",
        "minWidth": 124.04580152671757,
        "opacity": 1,
        "paddingHorizontal": 7.633587786259542,
      }
    }
  >
    <View
      style={
        [
          {
            "alignItems": "center",
            "height": 48,
            "justifyContent": "center",
            "width": 48,
          },
          undefined,
        ]
      }
    >
      <Text
        testID="icon-plus-circle-outline"
      >
        plus-circle-outline
      </Text>
    </View>
    <Text
      style={
        [
          {
            "color": "#616161",
            "fontSize": 12,
            "lineHeight": 18,
          },
          {
            "marginTop": 7.633587786259542,
            "textAlign": "center",
            "width": "100%",
          },
        ]
      }
    >
      Contribute
    </Text>
  </View>
  <View
    accessibilityState={
      {
        "busy": undefined,
        "checked": undefined,
        "disabled": undefined,
        "expanded": undefined,
        "selected": undefined,
      }
    }
    accessibilityValue={
      {
        "max": undefined,
        "min": undefined,
        "now": undefined,
        "text": undefined,
      }
    }
    accessible={true}
    collapsable={false}
    focusable={true}
    onClick={[Function]}
    onResponderGrant={[Function]}
    onResponderMove={[Function]}
    onResponderRelease={[Function]}
    onResponderTerminate={[Function]}
    onResponderTerminationRequest={[Function]}
    onStartShouldSetResponder={[Function]}
    style={
      {
        "alignItems": "center",
        "flex": 1,
        "justifyContent": "flex-start",
        "minWidth": 124.04580152671757,
        "opacity": 1,
        "paddingHorizontal": 7.633587786259542,
      }
    }
  >
    <View
      style={
        [
          {
            "alignItems": "center",
            "height": 48,
            "justifyContent": "center",
            "width": 48,
          },
          undefined,
        ]
      }
    >
      <Text
        testID="icon-heart-outline"
      >
        heart-outline
      </Text>
    </View>
    <Text
      style={
        [
          {
            "color": "#616161",
            "fontSize": 12,
            "lineHeight": 18,
          },
          {
            "marginTop": 7.633587786259542,
            "textAlign": "center",
            "width": "100%",
          },
        ]
      }
    >
      Favorites
    </Text>
  </View>
  <View
    accessibilityState={
      {
        "busy": undefined,
        "checked": undefined,
        "disabled": undefined,
        "expanded": undefined,
        "selected": undefined,
      }
    }
    accessibilityValue={
      {
        "max": undefined,
        "min": undefined,
        "now": undefined,
        "text": undefined,
      }
    }
    accessible={true}
    collapsable={false}
    focusable={true}
    onClick={[Function]}
    onResponderGrant={[Function]}
    onResponderMove={[Function]}
    onResponderRelease={[Function]}
    onResponderTerminate={[Function]}
    onResponderTerminationRequest={[Function]}
    onStartShouldSetResponder={[Function]}
    style={
      {
        "alignItems": "center",
        "flex": 1,
        "justifyContent": "flex-start",
        "minWidth": 124.04580152671757,
        "opacity": 1,
        "paddingHorizontal": 7.633587786259542,
      }
    }
  >
    <View
      style={
        [
          {
            "alignItems": "center",
            "height": 48,
            "justifyContent": "center",
            "width": 48,
          },
          undefined,
        ]
      }
    >
      <View
        style={
          [
            {
              "alignItems": "center",
              "backgroundColor": "#E0E0E0",
              "borderRadius": 9999,
              "height": 48,
              "justifyContent": "center",
              "width": 48,
            },
            [
              {
                "borderColor": "transparent",
                "borderWidth": 1.5,
              },
              {
                "borderColor": "#000000",
              },
            ],
          ]
        }
      >
        <Text
          style={
            [
              {
                "color": "#616161",
                "fontSize": 12,
                "lineHeight": 18,
              },
              undefined,
            ]
          }
        >
          👤
        </Text>
      </View>
    </View>
    <Text
      style={
        [
          {
            "color": "#212121",
            "fontSize": 12,
            "lineHeight": 18,
          },
          {
            "marginTop": 7.633587786259542,
            "textAlign": "center",
            "width": "100%",
          },
        ]
      }
    >
      Profile
    </Text>
  </View>
</View>
`;

exports[`BottomNavigation Snapshots should match snapshot with favorites tab active 1`] = `
<View
  style={
    [
      {
        "alignItems": "center",
        "backgroundColor": "#FFFFFF",
        "bottom": 0,
        "flexDirection": "row",
        "justifyContent": "space-around",
        "left": 0,
        "position": "absolute",
        "right": 0,
      },
      {
        "borderTopColor": "#bcbcbc",
        "borderTopWidth": 0.5,
        "paddingBottom": 61.06870229007634,
        "paddingHorizontal": 15.267175572519085,
        "paddingTop": 7.633587786259542,
      },
    ]
  }
>
  <View
    accessibilityState={
      {
        "busy": undefined,
        "checked": undefined,
        "disabled": undefined,
        "expanded": undefined,
        "selected": undefined,
      }
    }
    accessibilityValue={
      {
        "max": undefined,
        "min": undefined,
        "now": undefined,
        "text": undefined,
      }
    }
    accessible={true}
    collapsable={false}
    focusable={true}
    onClick={[Function]}
    onResponderGrant={[Function]}
    onResponderMove={[Function]}
    onResponderRelease={[Function]}
    onResponderTerminate={[Function]}
    onResponderTerminationRequest={[Function]}
    onStartShouldSetResponder={[Function]}
    style={
      {
        "alignItems": "center",
        "flex": 1,
        "justifyContent": "flex-start",
        "minWidth": 124.04580152671757,
        "opacity": 1,
        "paddingHorizontal": 7.633587786259542,
      }
    }
  >
    <View
      style={
        [
          {
            "alignItems": "center",
            "height": 48,
            "justifyContent": "center",
            "width": 48,
          },
          undefined,
        ]
      }
    >
      <Text
        testID="icon-view-grid"
      >
        view-grid
      </Text>
    </View>
    <Text
      style={
        [
          {
            "color": "#616161",
            "fontSize": 12,
            "lineHeight": 18,
          },
          {
            "marginTop": 7.633587786259542,
            "textAlign": "center",
            "width": "100%",
          },
        ]
      }
    >
      Feed
    </Text>
  </View>
  <View
    accessibilityState={
      {
        "busy": undefined,
        "checked": undefined,
        "disabled": undefined,
        "expanded": undefined,
        "selected": undefined,
      }
    }
    accessibilityValue={
      {
        "max": undefined,
        "min": undefined,
        "now": undefined,
        "text": undefined,
      }
    }
    accessible={true}
    collapsable={false}
    focusable={true}
    onClick={[Function]}
    onResponderGrant={[Function]}
    onResponderMove={[Function]}
    onResponderRelease={[Function]}
    onResponderTerminate={[Function]}
    onResponderTerminationRequest={[Function]}
    onStartShouldSetResponder={[Function]}
    style={
      {
        "alignItems": "center",
        "flex": 1,
        "justifyContent": "flex-start",
        "minWidth": 124.04580152671757,
        "opacity": 1,
        "paddingHorizontal": 7.633587786259542,
      }
    }
  >
    <View
      style={
        [
          {
            "alignItems": "center",
            "height": 48,
            "justifyContent": "center",
            "width": 48,
          },
          undefined,
        ]
      }
    >
      <Text
        testID="icon-magnify"
      >
        magnify
      </Text>
    </View>
    <Text
      style={
        [
          {
            "color": "#616161",
            "fontSize": 12,
            "lineHeight": 18,
          },
          {
            "marginTop": 7.633587786259542,
            "textAlign": "center",
            "width": "100%",
          },
        ]
      }
    >
      Explore
    </Text>
  </View>
  <View
    accessibilityState={
      {
        "busy": undefined,
        "checked": undefined,
        "disabled": undefined,
        "expanded": undefined,
        "selected": undefined,
      }
    }
    accessibilityValue={
      {
        "max": undefined,
        "min": undefined,
        "now": undefined,
        "text": undefined,
      }
    }
    accessible={true}
    collapsable={false}
    focusable={true}
    onClick={[Function]}
    onResponderGrant={[Function]}
    onResponderMove={[Function]}
    onResponderRelease={[Function]}
    onResponderTerminate={[Function]}
    onResponderTerminationRequest={[Function]}
    onStartShouldSetResponder={[Function]}
    style={
      {
        "alignItems": "center",
        "flex": 1,
        "justifyContent": "flex-start",
        "minWidth": 124.04580152671757,
        "opacity": 1,
        "paddingHorizontal": 7.633587786259542,
      }
    }
  >
    <View
      style={
        [
          {
            "alignItems": "center",
            "height": 48,
            "justifyContent": "center",
            "width": 48,
          },
          undefined,
        ]
      }
    >
      <Text
        testID="icon-plus-circle-outline"
      >
        plus-circle-outline
      </Text>
    </View>
    <Text
      style={
        [
          {
            "color": "#616161",
            "fontSize": 12,
            "lineHeight": 18,
          },
          {
            "marginTop": 7.633587786259542,
            "textAlign": "center",
            "width": "100%",
          },
        ]
      }
    >
      Contribute
    </Text>
  </View>
  <View
    accessibilityState={
      {
        "busy": undefined,
        "checked": undefined,
        "disabled": undefined,
        "expanded": undefined,
        "selected": undefined,
      }
    }
    accessibilityValue={
      {
        "max": undefined,
        "min": undefined,
        "now": undefined,
        "text": undefined,
      }
    }
    accessible={true}
    collapsable={false}
    focusable={true}
    onClick={[Function]}
    onResponderGrant={[Function]}
    onResponderMove={[Function]}
    onResponderRelease={[Function]}
    onResponderTerminate={[Function]}
    onResponderTerminationRequest={[Function]}
    onStartShouldSetResponder={[Function]}
    style={
      {
        "alignItems": "center",
        "flex": 1,
        "justifyContent": "flex-start",
        "minWidth": 124.04580152671757,
        "opacity": 1,
        "paddingHorizontal": 7.633587786259542,
      }
    }
  >
    <View
      style={
        [
          {
            "alignItems": "center",
            "height": 48,
            "justifyContent": "center",
            "width": 48,
          },
          undefined,
        ]
      }
    >
      <Text
        testID="icon-heart"
      >
        heart
      </Text>
    </View>
    <Text
      style={
        [
          {
            "color": "#212121",
            "fontSize": 12,
            "lineHeight": 18,
          },
          {
            "marginTop": 7.633587786259542,
            "textAlign": "center",
            "width": "100%",
          },
        ]
      }
    >
      Favorites
    </Text>
  </View>
  <View
    accessibilityState={
      {
        "busy": undefined,
        "checked": undefined,
        "disabled": undefined,
        "expanded": undefined,
        "selected": undefined,
      }
    }
    accessibilityValue={
      {
        "max": undefined,
        "min": undefined,
        "now": undefined,
        "text": undefined,
      }
    }
    accessible={true}
    collapsable={false}
    focusable={true}
    onClick={[Function]}
    onResponderGrant={[Function]}
    onResponderMove={[Function]}
    onResponderRelease={[Function]}
    onResponderTerminate={[Function]}
    onResponderTerminationRequest={[Function]}
    onStartShouldSetResponder={[Function]}
    style={
      {
        "alignItems": "center",
        "flex": 1,
        "justifyContent": "flex-start",
        "minWidth": 124.04580152671757,
        "opacity": 1,
        "paddingHorizontal": 7.633587786259542,
      }
    }
  >
    <View
      style={
        [
          {
            "alignItems": "center",
            "height": 48,
            "justifyContent": "center",
            "width": 48,
          },
          undefined,
        ]
      }
    >
      <View
        style={
          [
            {
              "alignItems": "center",
              "backgroundColor": "#E0E0E0",
              "borderRadius": 9999,
              "height": 48,
              "justifyContent": "center",
              "width": 48,
            },
            [
              {
                "borderColor": "transparent",
                "borderWidth": 1.5,
              },
              false,
            ],
          ]
        }
      >
        <Text
          style={
            [
              {
                "color": "#616161",
                "fontSize": 12,
                "lineHeight": 18,
              },
              undefined,
            ]
          }
        >
          👤
        </Text>
      </View>
    </View>
    <Text
      style={
        [
          {
            "color": "#616161",
            "fontSize": 12,
            "lineHeight": 18,
          },
          {
            "marginTop": 7.633587786259542,
            "textAlign": "center",
            "width": "100%",
          },
        ]
      }
    >
      Profile
    </Text>
  </View>
</View>
`;

exports[`BottomNavigation Snapshots should match snapshot with feed tab active 1`] = `
<View
  style={
    [
      {
        "alignItems": "center",
        "backgroundColor": "#FFFFFF",
        "bottom": 0,
        "flexDirection": "row",
        "justifyContent": "space-around",
        "left": 0,
        "position": "absolute",
        "right": 0,
      },
      {
        "borderTopColor": "#bcbcbc",
        "borderTopWidth": 0.5,
        "paddingBottom": 61.06870229007634,
        "paddingHorizontal": 15.267175572519085,
        "paddingTop": 7.633587786259542,
      },
    ]
  }
>
  <View
    accessibilityState={
      {
        "busy": undefined,
        "checked": undefined,
        "disabled": undefined,
        "expanded": undefined,
        "selected": undefined,
      }
    }
    accessibilityValue={
      {
        "max": undefined,
        "min": undefined,
        "now": undefined,
        "text": undefined,
      }
    }
    accessible={true}
    collapsable={false}
    focusable={true}
    onClick={[Function]}
    onResponderGrant={[Function]}
    onResponderMove={[Function]}
    onResponderRelease={[Function]}
    onResponderTerminate={[Function]}
    onResponderTerminationRequest={[Function]}
    onStartShouldSetResponder={[Function]}
    style={
      {
        "alignItems": "center",
        "flex": 1,
        "justifyContent": "flex-start",
        "minWidth": 124.04580152671757,
        "opacity": 1,
        "paddingHorizontal": 7.633587786259542,
      }
    }
  >
    <View
      style={
        [
          {
            "alignItems": "center",
            "height": 48,
            "justifyContent": "center",
            "width": 48,
          },
          undefined,
        ]
      }
    >
      <Text
        testID="icon-view-grid"
      >
        view-grid
      </Text>
    </View>
    <Text
      style={
        [
          {
            "color": "#212121",
            "fontSize": 12,
            "lineHeight": 18,
          },
          {
            "marginTop": 7.633587786259542,
            "textAlign": "center",
            "width": "100%",
          },
        ]
      }
    >
      Feed
    </Text>
  </View>
  <View
    accessibilityState={
      {
        "busy": undefined,
        "checked": undefined,
        "disabled": undefined,
        "expanded": undefined,
        "selected": undefined,
      }
    }
    accessibilityValue={
      {
        "max": undefined,
        "min": undefined,
        "now": undefined,
        "text": undefined,
      }
    }
    accessible={true}
    collapsable={false}
    focusable={true}
    onClick={[Function]}
    onResponderGrant={[Function]}
    onResponderMove={[Function]}
    onResponderRelease={[Function]}
    onResponderTerminate={[Function]}
    onResponderTerminationRequest={[Function]}
    onStartShouldSetResponder={[Function]}
    style={
      {
        "alignItems": "center",
        "flex": 1,
        "justifyContent": "flex-start",
        "minWidth": 124.04580152671757,
        "opacity": 1,
        "paddingHorizontal": 7.633587786259542,
      }
    }
  >
    <View
      style={
        [
          {
            "alignItems": "center",
            "height": 48,
            "justifyContent": "center",
            "width": 48,
          },
          undefined,
        ]
      }
    >
      <Text
        testID="icon-magnify"
      >
        magnify
      </Text>
    </View>
    <Text
      style={
        [
          {
            "color": "#616161",
            "fontSize": 12,
            "lineHeight": 18,
          },
          {
            "marginTop": 7.633587786259542,
            "textAlign": "center",
            "width": "100%",
          },
        ]
      }
    >
      Explore
    </Text>
  </View>
  <View
    accessibilityState={
      {
        "busy": undefined,
        "checked": undefined,
        "disabled": undefined,
        "expanded": undefined,
        "selected": undefined,
      }
    }
    accessibilityValue={
      {
        "max": undefined,
        "min": undefined,
        "now": undefined,
        "text": undefined,
      }
    }
    accessible={true}
    collapsable={false}
    focusable={true}
    onClick={[Function]}
    onResponderGrant={[Function]}
    onResponderMove={[Function]}
    onResponderRelease={[Function]}
    onResponderTerminate={[Function]}
    onResponderTerminationRequest={[Function]}
    onStartShouldSetResponder={[Function]}
    style={
      {
        "alignItems": "center",
        "flex": 1,
        "justifyContent": "flex-start",
        "minWidth": 124.04580152671757,
        "opacity": 1,
        "paddingHorizontal": 7.633587786259542,
      }
    }
  >
    <View
      style={
        [
          {
            "alignItems": "center",
            "height": 48,
            "justifyContent": "center",
            "width": 48,
          },
          undefined,
        ]
      }
    >
      <Text
        testID="icon-plus-circle-outline"
      >
        plus-circle-outline
      </Text>
    </View>
    <Text
      style={
        [
          {
            "color": "#616161",
            "fontSize": 12,
            "lineHeight": 18,
          },
          {
            "marginTop": 7.633587786259542,
            "textAlign": "center",
            "width": "100%",
          },
        ]
      }
    >
      Contribute
    </Text>
  </View>
  <View
    accessibilityState={
      {
        "busy": undefined,
        "checked": undefined,
        "disabled": undefined,
        "expanded": undefined,
        "selected": undefined,
      }
    }
    accessibilityValue={
      {
        "max": undefined,
        "min": undefined,
        "now": undefined,
        "text": undefined,
      }
    }
    accessible={true}
    collapsable={false}
    focusable={true}
    onClick={[Function]}
    onResponderGrant={[Function]}
    onResponderMove={[Function]}
    onResponderRelease={[Function]}
    onResponderTerminate={[Function]}
    onResponderTerminationRequest={[Function]}
    onStartShouldSetResponder={[Function]}
    style={
      {
        "alignItems": "center",
        "flex": 1,
        "justifyContent": "flex-start",
        "minWidth": 124.04580152671757,
        "opacity": 1,
        "paddingHorizontal": 7.633587786259542,
      }
    }
  >
    <View
      style={
        [
          {
            "alignItems": "center",
            "height": 48,
            "justifyContent": "center",
            "width": 48,
          },
          undefined,
        ]
      }
    >
      <Text
        testID="icon-heart-outline"
      >
        heart-outline
      </Text>
    </View>
    <Text
      style={
        [
          {
            "color": "#616161",
            "fontSize": 12,
            "lineHeight": 18,
          },
          {
            "marginTop": 7.633587786259542,
            "textAlign": "center",
            "width": "100%",
          },
        ]
      }
    >
      Favorites
    </Text>
  </View>
  <View
    accessibilityState={
      {
        "busy": undefined,
        "checked": undefined,
        "disabled": undefined,
        "expanded": undefined,
        "selected": undefined,
      }
    }
    accessibilityValue={
      {
        "max": undefined,
        "min": undefined,
        "now": undefined,
        "text": undefined,
      }
    }
    accessible={true}
    collapsable={false}
    focusable={true}
    onClick={[Function]}
    onResponderGrant={[Function]}
    onResponderMove={[Function]}
    onResponderRelease={[Function]}
    onResponderTerminate={[Function]}
    onResponderTerminationRequest={[Function]}
    onStartShouldSetResponder={[Function]}
    style={
      {
        "alignItems": "center",
        "flex": 1,
        "justifyContent": "flex-start",
        "minWidth": 124.04580152671757,
        "opacity": 1,
        "paddingHorizontal": 7.633587786259542,
      }
    }
  >
    <View
      style={
        [
          {
            "alignItems": "center",
            "height": 48,
            "justifyContent": "center",
            "width": 48,
          },
          undefined,
        ]
      }
    >
      <View
        style={
          [
            {
              "alignItems": "center",
              "backgroundColor": "#E0E0E0",
              "borderRadius": 9999,
              "height": 48,
              "justifyContent": "center",
              "width": 48,
            },
            [
              {
                "borderColor": "transparent",
                "borderWidth": 1.5,
              },
              false,
            ],
          ]
        }
      >
        <Text
          style={
            [
              {
                "color": "#616161",
                "fontSize": 12,
                "lineHeight": 18,
              },
              undefined,
            ]
          }
        >
          👤
        </Text>
      </View>
    </View>
    <Text
      style={
        [
          {
            "color": "#616161",
            "fontSize": 12,
            "lineHeight": 18,
          },
          {
            "marginTop": 7.633587786259542,
            "textAlign": "center",
            "width": "100%",
          },
        ]
      }
    >
      Profile
    </Text>
  </View>
</View>
`;

exports[`BottomNavigation Snapshots should match snapshot with profile tab active 1`] = `
<View
  style={
    [
      {
        "alignItems": "center",
        "backgroundColor": "#FFFFFF",
        "bottom": 0,
        "flexDirection": "row",
        "justifyContent": "space-around",
        "left": 0,
        "position": "absolute",
        "right": 0,
      },
      {
        "borderTopColor": "#bcbcbc",
        "borderTopWidth": 0.5,
        "paddingBottom": 61.06870229007634,
        "paddingHorizontal": 15.267175572519085,
        "paddingTop": 7.633587786259542,
      },
    ]
  }
>
  <View
    accessibilityState={
      {
        "busy": undefined,
        "checked": undefined,
        "disabled": undefined,
        "expanded": undefined,
        "selected": undefined,
      }
    }
    accessibilityValue={
      {
        "max": undefined,
        "min": undefined,
        "now": undefined,
        "text": undefined,
      }
    }
    accessible={true}
    collapsable={false}
    focusable={true}
    onClick={[Function]}
    onResponderGrant={[Function]}
    onResponderMove={[Function]}
    onResponderRelease={[Function]}
    onResponderTerminate={[Function]}
    onResponderTerminationRequest={[Function]}
    onStartShouldSetResponder={[Function]}
    style={
      {
        "alignItems": "center",
        "flex": 1,
        "justifyContent": "flex-start",
        "minWidth": 124.04580152671757,
        "opacity": 1,
        "paddingHorizontal": 7.633587786259542,
      }
    }
  >
    <View
      style={
        [
          {
            "alignItems": "center",
            "height": 48,
            "justifyContent": "center",
            "width": 48,
          },
          undefined,
        ]
      }
    >
      <Text
        testID="icon-view-grid"
      >
        view-grid
      </Text>
    </View>
    <Text
      style={
        [
          {
            "color": "#616161",
            "fontSize": 12,
            "lineHeight": 18,
          },
          {
            "marginTop": 7.633587786259542,
            "textAlign": "center",
            "width": "100%",
          },
        ]
      }
    >
      Feed
    </Text>
  </View>
  <View
    accessibilityState={
      {
        "busy": undefined,
        "checked": undefined,
        "disabled": undefined,
        "expanded": undefined,
        "selected": undefined,
      }
    }
    accessibilityValue={
      {
        "max": undefined,
        "min": undefined,
        "now": undefined,
        "text": undefined,
      }
    }
    accessible={true}
    collapsable={false}
    focusable={true}
    onClick={[Function]}
    onResponderGrant={[Function]}
    onResponderMove={[Function]}
    onResponderRelease={[Function]}
    onResponderTerminate={[Function]}
    onResponderTerminationRequest={[Function]}
    onStartShouldSetResponder={[Function]}
    style={
      {
        "alignItems": "center",
        "flex": 1,
        "justifyContent": "flex-start",
        "minWidth": 124.04580152671757,
        "opacity": 1,
        "paddingHorizontal": 7.633587786259542,
      }
    }
  >
    <View
      style={
        [
          {
            "alignItems": "center",
            "height": 48,
            "justifyContent": "center",
            "width": 48,
          },
          undefined,
        ]
      }
    >
      <Text
        testID="icon-magnify"
      >
        magnify
      </Text>
    </View>
    <Text
      style={
        [
          {
            "color": "#616161",
            "fontSize": 12,
            "lineHeight": 18,
          },
          {
            "marginTop": 7.633587786259542,
            "textAlign": "center",
            "width": "100%",
          },
        ]
      }
    >
      Explore
    </Text>
  </View>
  <View
    accessibilityState={
      {
        "busy": undefined,
        "checked": undefined,
        "disabled": undefined,
        "expanded": undefined,
        "selected": undefined,
      }
    }
    accessibilityValue={
      {
        "max": undefined,
        "min": undefined,
        "now": undefined,
        "text": undefined,
      }
    }
    accessible={true}
    collapsable={false}
    focusable={true}
    onClick={[Function]}
    onResponderGrant={[Function]}
    onResponderMove={[Function]}
    onResponderRelease={[Function]}
    onResponderTerminate={[Function]}
    onResponderTerminationRequest={[Function]}
    onStartShouldSetResponder={[Function]}
    style={
      {
        "alignItems": "center",
        "flex": 1,
        "justifyContent": "flex-start",
        "minWidth": 124.04580152671757,
        "opacity": 1,
        "paddingHorizontal": 7.633587786259542,
      }
    }
  >
    <View
      style={
        [
          {
            "alignItems": "center",
            "height": 48,
            "justifyContent": "center",
            "width": 48,
          },
          undefined,
        ]
      }
    >
      <Text
        testID="icon-plus-circle-outline"
      >
        plus-circle-outline
      </Text>
    </View>
    <Text
      style={
        [
          {
            "color": "#616161",
            "fontSize": 12,
            "lineHeight": 18,
          },
          {
            "marginTop": 7.633587786259542,
            "textAlign": "center",
            "width": "100%",
          },
        ]
      }
    >
      Contribute
    </Text>
  </View>
  <View
    accessibilityState={
      {
        "busy": undefined,
        "checked": undefined,
        "disabled": undefined,
        "expanded": undefined,
        "selected": undefined,
      }
    }
    accessibilityValue={
      {
        "max": undefined,
        "min": undefined,
        "now": undefined,
        "text": undefined,
      }
    }
    accessible={true}
    collapsable={false}
    focusable={true}
    onClick={[Function]}
    onResponderGrant={[Function]}
    onResponderMove={[Function]}
    onResponderRelease={[Function]}
    onResponderTerminate={[Function]}
    onResponderTerminationRequest={[Function]}
    onStartShouldSetResponder={[Function]}
    style={
      {
        "alignItems": "center",
        "flex": 1,
        "justifyContent": "flex-start",
        "minWidth": 124.04580152671757,
        "opacity": 1,
        "paddingHorizontal": 7.633587786259542,
      }
    }
  >
    <View
      style={
        [
          {
            "alignItems": "center",
            "height": 48,
            "justifyContent": "center",
            "width": 48,
          },
          undefined,
        ]
      }
    >
      <Text
        testID="icon-heart-outline"
      >
        heart-outline
      </Text>
    </View>
    <Text
      style={
        [
          {
            "color": "#616161",
            "fontSize": 12,
            "lineHeight": 18,
          },
          {
            "marginTop": 7.633587786259542,
            "textAlign": "center",
            "width": "100%",
          },
        ]
      }
    >
      Favorites
    </Text>
  </View>
  <View
    accessibilityState={
      {
        "busy": undefined,
        "checked": undefined,
        "disabled": undefined,
        "expanded": undefined,
        "selected": undefined,
      }
    }
    accessibilityValue={
      {
        "max": undefined,
        "min": undefined,
        "now": undefined,
        "text": undefined,
      }
    }
    accessible={true}
    collapsable={false}
    focusable={true}
    onClick={[Function]}
    onResponderGrant={[Function]}
    onResponderMove={[Function]}
    onResponderRelease={[Function]}
    onResponderTerminate={[Function]}
    onResponderTerminationRequest={[Function]}
    onStartShouldSetResponder={[Function]}
    style={
      {
        "alignItems": "center",
        "flex": 1,
        "justifyContent": "flex-start",
        "minWidth": 124.04580152671757,
        "opacity": 1,
        "paddingHorizontal": 7.633587786259542,
      }
    }
  >
    <View
      style={
        [
          {
            "alignItems": "center",
            "height": 48,
            "justifyContent": "center",
            "width": 48,
          },
          undefined,
        ]
      }
    >
      <View
        style={
          [
            {
              "alignItems": "center",
              "backgroundColor": "#E0E0E0",
              "borderRadius": 9999,
              "height": 48,
              "justifyContent": "center",
              "width": 48,
            },
            [
              {
                "borderColor": "transparent",
                "borderWidth": 1.5,
              },
              {
                "borderColor": "#000000",
              },
            ],
          ]
        }
      >
        <Text
          style={
            [
              {
                "color": "#616161",
                "fontSize": 12,
                "lineHeight": 18,
              },
              undefined,
            ]
          }
        >
          👤
        </Text>
      </View>
    </View>
    <Text
      style={
        [
          {
            "color": "#212121",
            "fontSize": 12,
            "lineHeight": 18,
          },
          {
            "marginTop": 7.633587786259542,
            "textAlign": "center",
            "width": "100%",
          },
        ]
      }
    >
      Profile
    </Text>
  </View>
</View>
`;

exports[`BottomNavigation Snapshots should match snapshot with search tab active 1`] = `
<View
  style={
    [
      {
        "alignItems": "center",
        "backgroundColor": "#FFFFFF",
        "bottom": 0,
        "flexDirection": "row",
        "justifyContent": "space-around",
        "left": 0,
        "position": "absolute",
        "right": 0,
      },
      {
        "borderTopColor": "#bcbcbc",
        "borderTopWidth": 0.5,
        "paddingBottom": 61.06870229007634,
        "paddingHorizontal": 15.267175572519085,
        "paddingTop": 7.633587786259542,
      },
    ]
  }
>
  <View
    accessibilityState={
      {
        "busy": undefined,
        "checked": undefined,
        "disabled": undefined,
        "expanded": undefined,
        "selected": undefined,
      }
    }
    accessibilityValue={
      {
        "max": undefined,
        "min": undefined,
        "now": undefined,
        "text": undefined,
      }
    }
    accessible={true}
    collapsable={false}
    focusable={true}
    onClick={[Function]}
    onResponderGrant={[Function]}
    onResponderMove={[Function]}
    onResponderRelease={[Function]}
    onResponderTerminate={[Function]}
    onResponderTerminationRequest={[Function]}
    onStartShouldSetResponder={[Function]}
    style={
      {
        "alignItems": "center",
        "flex": 1,
        "justifyContent": "flex-start",
        "minWidth": 124.04580152671757,
        "opacity": 1,
        "paddingHorizontal": 7.633587786259542,
      }
    }
  >
    <View
      style={
        [
          {
            "alignItems": "center",
            "height": 48,
            "justifyContent": "center",
            "width": 48,
          },
          undefined,
        ]
      }
    >
      <Text
        testID="icon-view-grid"
      >
        view-grid
      </Text>
    </View>
    <Text
      style={
        [
          {
            "color": "#616161",
            "fontSize": 12,
            "lineHeight": 18,
          },
          {
            "marginTop": 7.633587786259542,
            "textAlign": "center",
            "width": "100%",
          },
        ]
      }
    >
      Feed
    </Text>
  </View>
  <View
    accessibilityState={
      {
        "busy": undefined,
        "checked": undefined,
        "disabled": undefined,
        "expanded": undefined,
        "selected": undefined,
      }
    }
    accessibilityValue={
      {
        "max": undefined,
        "min": undefined,
        "now": undefined,
        "text": undefined,
      }
    }
    accessible={true}
    collapsable={false}
    focusable={true}
    onClick={[Function]}
    onResponderGrant={[Function]}
    onResponderMove={[Function]}
    onResponderRelease={[Function]}
    onResponderTerminate={[Function]}
    onResponderTerminationRequest={[Function]}
    onStartShouldSetResponder={[Function]}
    style={
      {
        "alignItems": "center",
        "flex": 1,
        "justifyContent": "flex-start",
        "minWidth": 124.04580152671757,
        "opacity": 1,
        "paddingHorizontal": 7.633587786259542,
      }
    }
  >
    <View
      style={
        [
          {
            "alignItems": "center",
            "height": 48,
            "justifyContent": "center",
            "width": 48,
          },
          undefined,
        ]
      }
    >
      <Text
        testID="icon-magnify"
      >
        magnify
      </Text>
    </View>
    <Text
      style={
        [
          {
            "color": "#212121",
            "fontSize": 12,
            "lineHeight": 18,
          },
          {
            "marginTop": 7.633587786259542,
            "textAlign": "center",
            "width": "100%",
          },
        ]
      }
    >
      Explore
    </Text>
  </View>
  <View
    accessibilityState={
      {
        "busy": undefined,
        "checked": undefined,
        "disabled": undefined,
        "expanded": undefined,
        "selected": undefined,
      }
    }
    accessibilityValue={
      {
        "max": undefined,
        "min": undefined,
        "now": undefined,
        "text": undefined,
      }
    }
    accessible={true}
    collapsable={false}
    focusable={true}
    onClick={[Function]}
    onResponderGrant={[Function]}
    onResponderMove={[Function]}
    onResponderRelease={[Function]}
    onResponderTerminate={[Function]}
    onResponderTerminationRequest={[Function]}
    onStartShouldSetResponder={[Function]}
    style={
      {
        "alignItems": "center",
        "flex": 1,
        "justifyContent": "flex-start",
        "minWidth": 124.04580152671757,
        "opacity": 1,
        "paddingHorizontal": 7.633587786259542,
      }
    }
  >
    <View
      style={
        [
          {
            "alignItems": "center",
            "height": 48,
            "justifyContent": "center",
            "width": 48,
          },
          undefined,
        ]
      }
    >
      <Text
        testID="icon-plus-circle-outline"
      >
        plus-circle-outline
      </Text>
    </View>
    <Text
      style={
        [
          {
            "color": "#616161",
            "fontSize": 12,
            "lineHeight": 18,
          },
          {
            "marginTop": 7.633587786259542,
            "textAlign": "center",
            "width": "100%",
          },
        ]
      }
    >
      Contribute
    </Text>
  </View>
  <View
    accessibilityState={
      {
        "busy": undefined,
        "checked": undefined,
        "disabled": undefined,
        "expanded": undefined,
        "selected": undefined,
      }
    }
    accessibilityValue={
      {
        "max": undefined,
        "min": undefined,
        "now": undefined,
        "text": undefined,
      }
    }
    accessible={true}
    collapsable={false}
    focusable={true}
    onClick={[Function]}
    onResponderGrant={[Function]}
    onResponderMove={[Function]}
    onResponderRelease={[Function]}
    onResponderTerminate={[Function]}
    onResponderTerminationRequest={[Function]}
    onStartShouldSetResponder={[Function]}
    style={
      {
        "alignItems": "center",
        "flex": 1,
        "justifyContent": "flex-start",
        "minWidth": 124.04580152671757,
        "opacity": 1,
        "paddingHorizontal": 7.633587786259542,
      }
    }
  >
    <View
      style={
        [
          {
            "alignItems": "center",
            "height": 48,
            "justifyContent": "center",
            "width": 48,
          },
          undefined,
        ]
      }
    >
      <Text
        testID="icon-heart-outline"
      >
        heart-outline
      </Text>
    </View>
    <Text
      style={
        [
          {
            "color": "#616161",
            "fontSize": 12,
            "lineHeight": 18,
          },
          {
            "marginTop": 7.633587786259542,
            "textAlign": "center",
            "width": "100%",
          },
        ]
      }
    >
      Favorites
    </Text>
  </View>
  <View
    accessibilityState={
      {
        "busy": undefined,
        "checked": undefined,
        "disabled": undefined,
        "expanded": undefined,
        "selected": undefined,
      }
    }
    accessibilityValue={
      {
        "max": undefined,
        "min": undefined,
        "now": undefined,
        "text": undefined,
      }
    }
    accessible={true}
    collapsable={false}
    focusable={true}
    onClick={[Function]}
    onResponderGrant={[Function]}
    onResponderMove={[Function]}
    onResponderRelease={[Function]}
    onResponderTerminate={[Function]}
    onResponderTerminationRequest={[Function]}
    onStartShouldSetResponder={[Function]}
    style={
      {
        "alignItems": "center",
        "flex": 1,
        "justifyContent": "flex-start",
        "minWidth": 124.04580152671757,
        "opacity": 1,
        "paddingHorizontal": 7.633587786259542,
      }
    }
  >
    <View
      style={
        [
          {
            "alignItems": "center",
            "height": 48,
            "justifyContent": "center",
            "width": 48,
          },
          undefined,
        ]
      }
    >
      <View
        style={
          [
            {
              "alignItems": "center",
              "backgroundColor": "#E0E0E0",
              "borderRadius": 9999,
              "height": 48,
              "justifyContent": "center",
              "width": 48,
            },
            [
              {
                "borderColor": "transparent",
                "borderWidth": 1.5,
              },
              false,
            ],
          ]
        }
      >
        <Text
          style={
            [
              {
                "color": "#616161",
                "fontSize": 12,
                "lineHeight": 18,
              },
              undefined,
            ]
          }
        >
          👤
        </Text>
      </View>
    </View>
    <Text
      style={
        [
          {
            "color": "#616161",
            "fontSize": 12,
            "lineHeight": 18,
          },
          {
            "marginTop": 7.633587786259542,
            "textAlign": "center",
            "width": "100%",
          },
        ]
      }
    >
      Profile
    </Text>
  </View>
</View>
`;
